<div class="boxheader project-list-header">
                        <h2>
                            <div class="project-updated" onclick="osw_tsort($(&#39;project-list&#39;), 0);">•</div>
                            <div class="project-name" onclick="osw_tsort($(&#39;project-list&#39;), 1);">Project</div>
                            <div class="project-downloads" style="width:250px;" onclick="osw_tsort($(&#39;project-list&#39;), 2);">Downloads</div>
                        </h2>
                    </div>
                    <table id="project-list">
                    
                        <tbody><tr class="project-row">
                        <td class="project-updated">
                        
                        </td>
                    <td class="project-name ">
                    
                        
                            <a href="/source/CoreOSMakefiles/CoreOSMakefiles-77/">
                        
                    
                    CoreOSMakefiles-77
                                            
                                            </a>
                                        
                                    </td>
                                    <td class="project-downloads">
                                        
                                            
                                                    <a href="/tarballs/CoreOSMakefiles/CoreOSMakefiles-77.tar.gz">
                                                    
                                                    <img class="download-icon" src="/static/images/icon_downloads.png"/>
                                                </a>
                                            
                                        </td>
                                    </tr>
                                
                        <tr class="project-row">
                        <td class="project-updated">
                        •
                        </td>
                    <td class="project-name newproject">
                    
                        
                            <a href="/source/Git/Git-66/">
                        
                    
                    Git-66
                                            
                                            </a>
                                        
                                    </td>
                                    <td class="project-downloads">
                                        
                                            
                                                    <a href="/tarballs/Git/Git-66.tar.gz">
                                                    
                                                    <img class="download-icon" src="/static/images/icon_downloads.png"/>
                                                </a>
                                            
                                        </td>
                                    </tr>
                                
                        <tr class="project-row">
                        <td class="project-updated">
                        
                        </td>
                    <td class="project-name ">
                    
                        
                            <a href="/source/bison/bison-14/">
                        
                    
                    bison-14
                                            
                                            </a>
                                        
                                    </td>
                                    <td class="project-downloads">
                                        
                                            
                                                    <a href="/tarballs/bison/bison-14.tar.gz">
                                                    
                                                    <img class="download-icon" src="/static/images/icon_downloads.png"/>
                                                </a>
                                            
                                        </td>
                                    </tr>
                                
                        <tr class="project-row">
                        <td class="project-updated">
                        
                        </td>
                    <td class="project-name ">
                    
                        
                            <a href="/source/bootstrap_cmds/bootstrap_cmds-93/">
                        
                    
                    bootstrap_cmds-93
                                            
                                            </a>
                                        
                                    </td>
                                    <td class="project-downloads">
                                        
                                            
                                                    <a href="/tarballs/bootstrap_cmds/bootstrap_cmds-93.tar.gz">
                                                    
                                                    <img class="download-icon" src="/static/images/icon_downloads.png"/>
                                                </a>
                                            
                                        </td>
                                    </tr>
                                
                        <tr class="project-row">
                        <td class="project-updated">
                        
                        </td>
                    <td class="project-name ">
                    
                        
                            <a href="/source/cctools/cctools-886/">
                        
                    
                    cctools-886
                                            
                                            </a>
                                        
                                    </td>
                                    <td class="project-downloads">
                                        
                                            
                                                    <a href="/tarballs/cctools/cctools-886.tar.gz">
                                                    
                                                    <img class="download-icon" src="/static/images/icon_downloads.png"/>
                                                </a>
                                            
                                        </td>
                                    </tr>
                                
                        <tr class="project-row">
                        <td class="project-updated">
                        •
                        </td>
                    <td class="project-name newproject">
                    
                        
                            <a href="/source/clang/clang-703.0.31/">
                        
                    
                    clang-703.0.31
                                            
                                            </a>
                                        
                                    </td>
                                    <td class="project-downloads">
                                        
                                            
                                                    <a href="/tarballs/clang/clang-703.0.31.tar.gz">
                                                    
                                                    <img class="download-icon" src="/static/images/icon_downloads.png"/>
                                                </a>
                                            
                                        </td>
                                    </tr>
                                
                        <tr class="project-row">
                        <td class="project-updated">
                        
                        </td>
                    <td class="project-name ">
                    
                        
                            <a href="/source/developer_cmds/developer_cmds-62/">
                        
                    
                    developer_cmds-62
                                            
                                            </a>
                                        
                                    </td>
                                    <td class="project-downloads">
                                        
                                            
                                                    <a href="/tarballs/developer_cmds/developer_cmds-62.tar.gz">
                                                    
                                                    <img class="download-icon" src="/static/images/icon_downloads.png"/>
                                                </a>
                                            
                                        </td>
                                    </tr>
                                
                        <tr class="project-row">
                        <td class="project-updated">
                        
                        </td>
                    <td class="project-name ">
                    
                        
                            <a href="/source/gcc_select/gcc_select-133/">
                        
                    
                    gcc_select-133
                                            
                                            </a>
                                        
                                    </td>
                                    <td class="project-downloads">
                                        
                                            
                                                    <a href="/tarballs/gcc_select/gcc_select-133.tar.gz">
                                                    
                                                    <img class="download-icon" src="/static/images/icon_downloads.png"/>
                                                </a>
                                            
                                        </td>
                                    </tr>
                                
                        <tr class="project-row">
                        <td class="project-updated">
                        
                        </td>
                    <td class="project-name ">
                    
                        
                            <a href="/source/gm4/gm4-15/">
                        
                    
                    gm4-15
                                            
                                            </a>
                                        
                                    </td>
                                    <td class="project-downloads">
                                        
                                            
                                                    <a href="/tarballs/gm4/gm4-15.tar.gz">
                                                    
                                                    <img class="download-icon" src="/static/images/icon_downloads.png"/>
                                                </a>
                                            
                                        </td>
                                    </tr>
                                
                        <tr class="project-row">
                        <td class="project-updated">
                        
                        </td>
                    <td class="project-name ">
                    
                        
                            <a href="/source/gnumake/gnumake-131/">
                        
                    
                    gnumake-131
                                            
                                            </a>
                                        
                                    </td>
                                    <td class="project-downloads">
                                        
                                            
                                                    <a href="/tarballs/gnumake/gnumake-131.tar.gz">
                                                    
                                                    <img class="download-icon" src="/static/images/icon_downloads.png"/>
                                                </a>
                                            
                                        </td>
                                    </tr>
                                
                        <tr class="project-row">
                        <td class="project-updated">
                        
                        </td>
                    <td class="project-name ">
                    
                        
                            <a href="/source/gperf/gperf-13/">
                        
                    
                    gperf-13
                                            
                                            </a>
                                        
                                    </td>
                                    <td class="project-downloads">
                                        
                                            
                                                    <a href="/tarballs/gperf/gperf-13.tar.gz">
                                                    
                                                    <img class="download-icon" src="/static/images/icon_downloads.png"/>
                                                </a>
                                            
                                        </td>
                                    </tr>
                                
                        <tr class="project-row">
                        <td class="project-updated">
                        
                        </td>
                    <td class="project-name ">
                    
                        
                            <a href="/source/headerdoc/headerdoc-8.9.26/">
                        
                    
                    headerdoc-8.9.26
                                            
                                            </a>
                                        
                                    </td>
                                    <td class="project-downloads">
                                        
                                            
                                                    <a href="/tarballs/headerdoc/headerdoc-8.9.26.tar.gz">
                                                    
                                                    <img class="download-icon" src="/static/images/icon_downloads.png"/>
                                                </a>
                                            
                                        </td>
                                    </tr>
                                
                        <tr class="project-row">
                        <td class="project-updated">
                        •
                        </td>
                    <td class="project-name newproject">
                    
                        
                            <a href="/source/ld64/ld64-264.3.102/">
                        
                    
                    ld64-264.3.102
                                            
                                            </a>
                                        
                                    </td>
                                    <td class="project-downloads">
                                        
                                            
                                                    <a href="/tarballs/ld64/ld64-264.3.102.tar.gz">
                                                    
                                                    <img class="download-icon" src="/static/images/icon_downloads.png"/>
                                                </a>
                                            
                                        </td>
                                    </tr>
                                
                        <tr class="project-row">
                        <td class="project-updated">
                        
                        </td>
                    <td class="project-name ">
                    
                        
                            <a href="/source/pb_makefiles/pb_makefiles-1005/">
                        
                    
                    pb_makefiles-1005
                                            
                                            </a>
                                        
                                    </td>
                                    <td class="project-downloads">
                                        
                                            
                                                    <a href="/tarballs/pb_makefiles/pb_makefiles-1005.tar.gz">
                                                    
                                                    <img class="download-icon" src="/static/images/icon_downloads.png"/>
                                                </a>
                                            
                                        </td>
                                    </tr>
                                
                        <tr class="project-row">
                        <td class="project-updated">
                        
                        </td>
                    <td class="project-name ">
                    
                        
                            <a href="/source/subversion/subversion-68/">
                        
                    
                    subversion-68
                                            
                                            </a>
                                        
                                    </td>
                                    <td class="project-downloads">
                                        
                                            
                                                    <a href="/tarballs/subversion/subversion-68.tar.gz">
                                                    
                                                    <img class="download-icon" src="/static/images/icon_downloads.png"/>
                                                </a>
                                            
                                        </td>
                                    </tr>
                                
                            </tbody></table>