<table>
<tbody><tr><th><img src="/icons/blank.gif" alt="[ICO]" height="25"/></th><th><a href="">Name</a></th><th><a href="">Size</a></th></tr>
<tr><th colspan="3"><hr/></th></tr>
<tr><td valign="top"><a href="./../"><img src="/icons/back.gif" alt="[DIR]" height="25"/></a></td><td><a href="./../">Parent Directory</a></td><td align="right">  - </td></tr>
<tr><td valign="top"><a href="Csu-36.tar.gz"><img src="/static/images/icons/gz.png" alt="[GZ]" height="25"/></a></td><td><a href="Csu-36.tar.gz">Csu-36.tar.gz</a></td><td align="right">11.8K</td></tr>
<tr><td valign="top"><a href="Csu-37.tar.gz"><img src="/static/images/icons/gz.png" alt="[GZ]" height="25"/></a></td><td><a href="Csu-37.tar.gz">Csu-37.tar.gz</a></td><td align="right">11.5K</td></tr>
<tr><td valign="top"><a href="Csu-45.tar.gz"><img src="/static/images/icons/gz.png" alt="[GZ]" height="25"/></a></td><td><a href="Csu-45.tar.gz">Csu-45.tar.gz</a></td><td align="right">11.6K</td></tr>
<tr><td valign="top"><a href="Csu-46.tar.gz"><img src="/static/images/icons/gz.png" alt="[GZ]" height="25"/></a></td><td><a href="Csu-46.tar.gz">Csu-46.tar.gz</a></td><td align="right">12.2K</td></tr>
<tr><td valign="top"><a href="Csu-47.tar.gz"><img src="/static/images/icons/gz.png" alt="[GZ]" height="25"/></a></td><td><a href="Csu-47.tar.gz">Csu-47.tar.gz</a></td><td align="right">12.3K</td></tr>
<tr><td valign="top"><a href="Csu-57.tar.gz"><img src="/static/images/icons/gz.png" alt="[GZ]" height="25"/></a></td><td><a href="Csu-57.tar.gz">Csu-57.tar.gz</a></td><td align="right">13.6K</td></tr>
<tr><td valign="top"><a href="Csu-58.1.1.tar.gz"><img src="/static/images/icons/gz.png" alt="[GZ]" height="25"/></a></td><td><a href="Csu-58.1.1.tar.gz">Csu-58.1.1.tar.gz</a></td><td align="right">13.5K</td></tr>
<tr><td valign="top"><a href="Csu-58.tar.gz"><img src="/static/images/icons/gz.png" alt="[GZ]" height="25"/></a></td><td><a href="Csu-58.tar.gz">Csu-58.tar.gz</a></td><td align="right">13.4K</td></tr>
<tr><td valign="top"><a href="Csu-71.tar.gz"><img src="/static/images/icons/gz.png" alt="[GZ]" height="25"/></a></td><td><a href="Csu-71.tar.gz">Csu-71.tar.gz</a></td><td align="right">7.6K</td></tr>
<tr><td valign="top"><a href="Csu-75.tar.gz"><img src="/static/images/icons/gz.png" alt="[GZ]" height="25"/></a></td><td><a href="Csu-75.tar.gz">Csu-75.tar.gz</a></td><td align="right">8.1K</td></tr>
<tr><td valign="top"><a href="Csu-76.tar.gz"><img src="/static/images/icons/gz.png" alt="[GZ]" height="25"/></a></td><td><a href="Csu-76.tar.gz">Csu-76.tar.gz</a></td><td align="right">12.4K</td></tr>
<tr><td valign="top"><a href="Csu-79.tar.gz"><img src="/static/images/icons/gz.png" alt="[GZ]" height="25"/></a></td><td><a href="Csu-79.tar.gz">Csu-79.tar.gz</a></td><td align="right">12.4K</td></tr>
<tr><td valign="top"><a href="Csu-85.tar.gz"><img src="/static/images/icons/gz.png" alt="[GZ]" height="25"/></a></td><td><a href="Csu-85.tar.gz">Csu-85.tar.gz</a></td><td align="right">13.1K</td></tr>
<tr><th colspan="3"><hr/></th></tr>
</tbody></table>
